// Jest Snapshot v1, https://goo.gl/fbAQLP

exports[`Pruebas en <HomeScreen/> debe de mostrar el componente correctamente 1`] = `
<div>
  <h1>
    HomeScreen
  </h1>
  <hr />
  <pre>
    {
   "name": "Alberto",
   "email": "albertopimentel@gmail.com"
}
  </pre>
</div>
`;
